AR clockdivider behavioral C:/Users/Jableader/Documents/Xilinx/AssignmentTwo/ClockDivider.vhd sub00/vhpl03 1430793460
AR counter behavioral C:/Users/Jableader/Documents/Xilinx/AssignmentTwo/Counter.vhd sub00/vhpl07 1430793464
EN binarytossd NULL C:/Users/Jableader/Documents/Xilinx/AssignmentTwo/BinaryToSSD.vhd sub00/vhpl00 1430793457
EN toplevel NULL C:/Users/Jableader/Documents/Xilinx/AssignmentTwo/TopLevel.vhd sub00/vhpl08 1430793465
EN counter NULL C:/Users/Jableader/Documents/Xilinx/AssignmentTwo/Counter.vhd sub00/vhpl06 1430793463
EN clockdivider NULL C:/Users/Jableader/Documents/Xilinx/AssignmentTwo/ClockDivider.vhd sub00/vhpl02 1430793459
EN sevensegmentdisplay NULL C:/Users/Jableader/Documents/Xilinx/AssignmentTwo/SevenSegmentDisplay.vhd sub00/vhpl04 1430793461
AR toplevel behavioral C:/Users/Jableader/Documents/Xilinx/AssignmentTwo/TopLevel.vhd sub00/vhpl09 1430793466
AR binarytossd behavoural C:/Users/Jableader/Documents/Xilinx/AssignmentTwo/BinaryToSSD.vhd sub00/vhpl01 1430793458
AR sevensegmentdisplay behavioral C:/Users/Jableader/Documents/Xilinx/AssignmentTwo/SevenSegmentDisplay.vhd sub00/vhpl05 1430793462
