AR clockdivider behavioral C:/Users/Jableader/Documents/Xilinx/AssignmentTwo/ClockDivider.vhd sub00/vhpl03 1430792806
AR counter behavioral C:/Users/Jableader/Documents/Xilinx/AssignmentTwo/Counter.vhd sub00/vhpl07 1430792810
EN binarytossd NULL C:/Users/Jableader/Documents/Xilinx/AssignmentTwo/BinaryToSSD.vhd sub00/vhpl00 1430792803
EN toplevel NULL C:/Users/Jableader/Documents/Xilinx/AssignmentTwo/TopLevel.vhd sub00/vhpl08 1430792811
EN counter NULL C:/Users/Jableader/Documents/Xilinx/AssignmentTwo/Counter.vhd sub00/vhpl06 1430792809
EN clockdivider NULL C:/Users/Jableader/Documents/Xilinx/AssignmentTwo/ClockDivider.vhd sub00/vhpl02 1430792805
EN sevensegmentdisplay NULL C:/Users/Jableader/Documents/Xilinx/AssignmentTwo/SevenSegmentDisplay.vhd sub00/vhpl04 1430792807
AR toplevel behavioral C:/Users/Jableader/Documents/Xilinx/AssignmentTwo/TopLevel.vhd sub00/vhpl09 1430792812
AR binarytossd behavoural C:/Users/Jableader/Documents/Xilinx/AssignmentTwo/BinaryToSSD.vhd sub00/vhpl01 1430792804
AR sevensegmentdisplay behavioral C:/Users/Jableader/Documents/Xilinx/AssignmentTwo/SevenSegmentDisplay.vhd sub00/vhpl05 1430792808
