V3 19
FL C:/Users/Jableader/Documents/Xilinx/AssignmentTwo/BinaryToSSD.vhd 2015/05/05.11:56:06 P.58f
EN work/BinaryToSSD 1430792803 \
      FL C:/Users/Jableader/Documents/Xilinx/AssignmentTwo/BinaryToSSD.vhd \
      PB ieee/std_logic_1164 1364358218
AR work/BinaryTOSSD/Behavoural 1430792804 \
      FL C:/Users/Jableader/Documents/Xilinx/AssignmentTwo/BinaryToSSD.vhd \
      EN work/BinaryToSSD 1430792803
FL C:/Users/Jableader/Documents/Xilinx/AssignmentTwo/ClockDivider.vhd 2015/05/05.12:20:51 P.58f
EN work/ClockDivider 1430792805 \
      FL C:/Users/Jableader/Documents/Xilinx/AssignmentTwo/ClockDivider.vhd \
      PB ieee/std_logic_1164 1364358218
AR work/ClockDivider/Behavioral 1430792806 \
      FL C:/Users/Jableader/Documents/Xilinx/AssignmentTwo/ClockDivider.vhd \
      EN work/ClockDivider 1430792805
FL C:/Users/Jableader/Documents/Xilinx/AssignmentTwo/Counter.vhd 2015/05/05.12:25:44 P.58f
EN work/Counter 1430792809 \
      FL C:/Users/Jableader/Documents/Xilinx/AssignmentTwo/Counter.vhd \
      PB ieee/std_logic_1164 1364358218 PB ieee/NUMERIC_STD 1364358223
AR work/Counter/Behavioral 1430792810 \
      FL C:/Users/Jableader/Documents/Xilinx/AssignmentTwo/Counter.vhd \
      EN work/Counter 1430792809
FL C:/Users/Jableader/Documents/Xilinx/AssignmentTwo/SevenSegmentDisplay.vhd 2015/05/05.12:26:40 P.58f
EN work/SevenSegmentDisplay 1430792807 \
      FL C:/Users/Jableader/Documents/Xilinx/AssignmentTwo/SevenSegmentDisplay.vhd \
      PB ieee/std_logic_1164 1364358218
AR work/SevenSegmentDisplay/Behavioral 1430792808 \
      FL C:/Users/Jableader/Documents/Xilinx/AssignmentTwo/SevenSegmentDisplay.vhd \
      EN work/SevenSegmentDisplay 1430792807 CP BinaryToSSD
FL C:/Users/Jableader/Documents/Xilinx/AssignmentTwo/TopLevel.vhd 2015/05/05.12:26:18 P.58f
EN work/TopLevel 1430792811 \
      FL C:/Users/Jableader/Documents/Xilinx/AssignmentTwo/TopLevel.vhd \
      PB ieee/std_logic_1164 1364358218
AR work/TopLevel/Behavioral 1430792812 \
      FL C:/Users/Jableader/Documents/Xilinx/AssignmentTwo/TopLevel.vhd \
      EN work/TopLevel 1430792811 CP ClockDivider CP SevenSegmentDisplay CP Counter
