V3 19
FL C:/Users/Jableader/Documents/Xilinx/AssignmentTwo/BinaryToSSD.vhd 2015/05/05.12:33:27 P.58f
EN work/BinaryToSSD 1430793457 \
      FL C:/Users/Jableader/Documents/Xilinx/AssignmentTwo/BinaryToSSD.vhd \
      PB ieee/std_logic_1164 1364358218
AR work/BinaryTOSSD/Behavoural 1430793458 \
      FL C:/Users/Jableader/Documents/Xilinx/AssignmentTwo/BinaryToSSD.vhd \
      EN work/BinaryToSSD 1430793457
FL C:/Users/Jableader/Documents/Xilinx/AssignmentTwo/ClockDivider.vhd 2015/05/05.12:20:51 P.58f
EN work/ClockDivider 1430793459 \
      FL C:/Users/Jableader/Documents/Xilinx/AssignmentTwo/ClockDivider.vhd \
      PB ieee/std_logic_1164 1364358218
AR work/ClockDivider/Behavioral 1430793460 \
      FL C:/Users/Jableader/Documents/Xilinx/AssignmentTwo/ClockDivider.vhd \
      EN work/ClockDivider 1430793459
FL C:/Users/Jableader/Documents/Xilinx/AssignmentTwo/Counter.vhd 2015/05/05.12:25:44 P.58f
EN work/Counter 1430793463 \
      FL C:/Users/Jableader/Documents/Xilinx/AssignmentTwo/Counter.vhd \
      PB ieee/std_logic_1164 1364358218 PB ieee/NUMERIC_STD 1364358223
AR work/Counter/Behavioral 1430793464 \
      FL C:/Users/Jableader/Documents/Xilinx/AssignmentTwo/Counter.vhd \
      EN work/Counter 1430793463
FL C:/Users/Jableader/Documents/Xilinx/AssignmentTwo/SevenSegmentDisplay.vhd 2015/05/05.12:37:17 P.58f
EN work/SevenSegmentDisplay 1430793461 \
      FL C:/Users/Jableader/Documents/Xilinx/AssignmentTwo/SevenSegmentDisplay.vhd \
      PB ieee/std_logic_1164 1364358218
AR work/SevenSegmentDisplay/Behavioral 1430793462 \
      FL C:/Users/Jableader/Documents/Xilinx/AssignmentTwo/SevenSegmentDisplay.vhd \
      EN work/SevenSegmentDisplay 1430793461 CP BinaryToSSD
FL C:/Users/Jableader/Documents/Xilinx/AssignmentTwo/TopLevel.vhd 2015/05/05.12:37:30 P.58f
EN work/TopLevel 1430793465 \
      FL C:/Users/Jableader/Documents/Xilinx/AssignmentTwo/TopLevel.vhd \
      PB ieee/std_logic_1164 1364358218
AR work/TopLevel/Behavioral 1430793466 \
      FL C:/Users/Jableader/Documents/Xilinx/AssignmentTwo/TopLevel.vhd \
      EN work/TopLevel 1430793465 CP ClockDivider CP SevenSegmentDisplay CP Counter
